
     Program PWSCF v.6.1 starts on 20May2021 at  2:14:29 

     This program is part of the open-source Quantum ESPRESSO suite
     for quantum simulation of materials; please cite
         "P. Giannozzi et al., J. Phys.:Condens. Matter 21 395502 (2009);
          URL http://www.quantum-espresso.org", 
     in publications or presentations arising from this work. More details at
     http://www.quantum-espresso.org/quote

     Parallel version (MPI), running on     2 processors
     R & G space division:  proc/nbgrp/npool/nimage =       2
     Reading input from pw.in

     Current dimensions of program PWSCF are:
     Max number of different atomic species (ntypx) = 10
     Max number of k-points (npk) =  40000
     Max angular momentum in pseudopotentials (lmaxx) =  3

     Subspace diagonalization in iterative solution of the eigenvalue problem:
     a serial algorithm will be used


     Parallelization info
     --------------------
     sticks:   dense  smooth     PW     G-vecs:    dense   smooth      PW
     Min         180     180     54                 2286     2286     373
     Max         181     181     55                 2287     2287     376
     Sum         361     361    109                 4573     4573     749



     bravais-lattice index     =            2
     lattice parameter (alat)  =      10.2612  a.u.
     unit-cell volume          =     270.1072 (a.u.)^3
     number of atoms/cell      =            2
     number of atomic types    =            1
     number of electrons       =         8.00
     number of Kohn-Sham states=           10
     kinetic-energy cutoff     =      25.0000  Ry
     charge density cutoff     =     100.0000  Ry
     convergence threshold     =      1.0E-12
     mixing beta               =       0.7000
     number of iterations used =            8  plain     mixing
     Exchange-correlation      = PBE ( 1  4  3  4 0 0)

     celldm(1)=  10.261213  celldm(2)=   0.000000  celldm(3)=   0.000000
     celldm(4)=   0.000000  celldm(5)=   0.000000  celldm(6)=   0.000000

     crystal axes: (cart. coord. in units of alat)
               a(1) = (  -0.500000   0.000000   0.500000 )  
               a(2) = (   0.000000   0.500000   0.500000 )  
               a(3) = (  -0.500000   0.500000   0.000000 )  

     reciprocal axes: (cart. coord. in units 2 pi/alat)
               b(1) = ( -1.000000 -1.000000  1.000000 )  
               b(2) = (  1.000000  1.000000  1.000000 )  
               b(3) = ( -1.000000  1.000000 -1.000000 )  


     PseudoPot. # 1 for Si read from file:
     ./Si_ONCV_PBE-1.1.upf
     MD5 check sum: 893f9c914d8b8e384479fa6fd8b59ac5
     Pseudo is Norm-conserving, Zval =  4.0
     Generated using ONCVPSP code by D. R. Hamann
     Using radial grid of  602 points,  4 beta functions with: 
                l(1) =   0
                l(2) =   0
                l(3) =   1
                l(4) =   1

     atomic species   valence    mass     pseudopotential
        Si             4.00    28.08500     Si( 1.00)

     No symmetry found



   Cartesian axes

     site n.     atom                  positions (alat units)
         1           Si  tau(   1) = (   0.0000000   0.0000000   0.0000000  )
         2           Si  tau(   2) = (  -0.2500000   0.2500000   0.2500000  )

     number of k points=     2
                       cart. coord. in units 2pi/alat
        k(    1) = (   0.0000000   0.0000000   0.0000000), wk =   1.0000000
        k(    2) = (   0.5000000  -0.5000000   0.5000000), wk =   1.0000000

     Dense  grid:     4573 G-vectors     FFT dimensions: (  24,  24,  24)

     Estimated max dynamical RAM per process >       1.82MB

     Estimated total allocated dynamical RAM >       3.63MB

     Initial potential from superposition of free atoms

     starting charge    7.90755, renormalised to    8.00000
     Starting wfc are random

     total cpu time spent up to now is        0.0 secs

     per-process dynamical memory:     5.3 Mb

     Self-consistent Calculation

     iteration #  1     ecut=    25.00 Ry     beta=0.70
     Davidson diagonalization with overlap
     ethr =  1.00E-02,  avg # of iterations =  5.5

     total cpu time spent up to now is        0.1 secs

     total energy              =     -15.03760167 Ry
     Harris-Foulkes estimate   =     -15.09226705 Ry
     estimated scf accuracy    <       0.20253636 Ry

     iteration #  2     ecut=    25.00 Ry     beta=0.70
     Davidson diagonalization with overlap
     ethr =  2.53E-03,  avg # of iterations =  4.5

     total cpu time spent up to now is        0.1 secs

     total energy              =     -15.04677981 Ry
     Harris-Foulkes estimate   =     -15.04640153 Ry
     estimated scf accuracy    <       0.00886026 Ry

     iteration #  3     ecut=    25.00 Ry     beta=0.70
     Davidson diagonalization with overlap
     ethr =  1.11E-04,  avg # of iterations =  4.0

     total cpu time spent up to now is        0.2 secs

     total energy              =     -15.04735677 Ry
     Harris-Foulkes estimate   =     -15.04729080 Ry
     estimated scf accuracy    <       0.00016850 Ry

     iteration #  4     ecut=    25.00 Ry     beta=0.70
     Davidson diagonalization with overlap
     ethr =  2.11E-06,  avg # of iterations =  3.5

     total cpu time spent up to now is        0.2 secs

     total energy              =     -15.04739255 Ry
     Harris-Foulkes estimate   =     -15.04739680 Ry
     estimated scf accuracy    <       0.00001785 Ry

     iteration #  5     ecut=    25.00 Ry     beta=0.70
     Davidson diagonalization with overlap
     ethr =  2.23E-07,  avg # of iterations =  7.5

     total cpu time spent up to now is        0.2 secs

     total energy              =     -15.04739685 Ry
     Harris-Foulkes estimate   =     -15.04739745 Ry
     estimated scf accuracy    <       0.00000227 Ry

     iteration #  6     ecut=    25.00 Ry     beta=0.70
     Davidson diagonalization with overlap
     ethr =  2.84E-08,  avg # of iterations =  2.0

     total cpu time spent up to now is        0.3 secs

     total energy              =     -15.04739729 Ry
     Harris-Foulkes estimate   =     -15.04739725 Ry
     estimated scf accuracy    <       0.00000004 Ry

     iteration #  7     ecut=    25.00 Ry     beta=0.70
     Davidson diagonalization with overlap
     ethr =  5.14E-10,  avg # of iterations =  6.5

     total cpu time spent up to now is        0.3 secs

     total energy              =     -15.04739731 Ry
     Harris-Foulkes estimate   =     -15.04739731 Ry
     estimated scf accuracy    <          6.9E-09 Ry

     iteration #  8     ecut=    25.00 Ry     beta=0.70
     Davidson diagonalization with overlap
     ethr =  8.61E-11,  avg # of iterations =  2.0

     total cpu time spent up to now is        0.3 secs

     total energy              =     -15.04739731 Ry
     Harris-Foulkes estimate   =     -15.04739731 Ry
     estimated scf accuracy    <          2.0E-10 Ry

     iteration #  9     ecut=    25.00 Ry     beta=0.70
     Davidson diagonalization with overlap
     ethr =  2.49E-12,  avg # of iterations =  6.0

     total cpu time spent up to now is        0.4 secs

     total energy              =     -15.04739731 Ry
     Harris-Foulkes estimate   =     -15.04739731 Ry
     estimated scf accuracy    <          1.8E-11 Ry

     iteration # 10     ecut=    25.00 Ry     beta=0.70
     Davidson diagonalization with overlap
     ethr =  2.21E-13,  avg # of iterations =  2.0

     total cpu time spent up to now is        0.4 secs

     total energy              =     -15.04739731 Ry
     Harris-Foulkes estimate   =     -15.04739731 Ry
     estimated scf accuracy    <          1.1E-12 Ry

     iteration # 11     ecut=    25.00 Ry     beta=0.70
     Davidson diagonalization with overlap
     ethr =  1.00E-13,  avg # of iterations =  1.0

     total cpu time spent up to now is        0.4 secs

     End of self-consistent calculation

          k = 0.0000 0.0000 0.0000 (   537 PWs)   bands (ev):

    -5.2205   6.8377   6.8377   6.9263   9.2473   9.2473   9.2816  10.2652
    14.3759  14.3759

          k = 0.5000-0.5000 0.5000 (   568 PWs)   bands (ev):

    -2.8530  -0.2143   5.6063   5.6063   8.2972   9.9385   9.9385  14.1533
    17.2790  17.2790

     highest occupied, lowest unoccupied level (ev):     6.9263    8.2972

!    total energy              =     -15.04739731 Ry
     Harris-Foulkes estimate   =     -15.04739731 Ry
     estimated scf accuracy    <          3.4E-14 Ry

     The total energy is the sum of the following terms:

     one-electron contribution =       5.27346898 Ry
     hartree contribution      =       1.47084608 Ry
     xc contribution           =      -4.99276869 Ry
     ewald contribution        =     -16.79894368 Ry

     convergence has been achieved in  11 iterations

     Writing output data file test.save

     init_run     :      0.02s CPU      0.03s WALL (       1 calls)
     electrons    :      0.30s CPU      0.36s WALL (       1 calls)

     Called by init_run:
     wfcinit      :      0.00s CPU      0.01s WALL (       1 calls)
     potinit      :      0.01s CPU      0.01s WALL (       1 calls)

     Called by electrons:
     c_bands      :      0.22s CPU      0.27s WALL (      11 calls)
     sum_band     :      0.03s CPU      0.04s WALL (      11 calls)
     v_of_rho     :      0.05s CPU      0.05s WALL (      12 calls)
     mix_rho      :      0.01s CPU      0.01s WALL (      11 calls)

     Called by c_bands:
     init_us_2    :      0.00s CPU      0.00s WALL (      46 calls)
     cegterg      :      0.22s CPU      0.26s WALL (      22 calls)

     Called by sum_band:

     Called by *egterg:
     h_psi        :      0.17s CPU      0.21s WALL (     113 calls)
     g_psi        :      0.00s CPU      0.00s WALL (      89 calls)
     cdiaghg      :      0.02s CPU      0.02s WALL (     111 calls)

     Called by h_psi:
     h_psi:pot    :      0.17s CPU      0.21s WALL (     113 calls)
     h_psi:calbec :      0.01s CPU      0.01s WALL (     113 calls)
     vloc_psi     :      0.16s CPU      0.19s WALL (     113 calls)
     add_vuspsi   :      0.00s CPU      0.01s WALL (     113 calls)

     General routines
     calbec       :      0.01s CPU      0.01s WALL (     113 calls)
     fft          :      0.03s CPU      0.03s WALL (     131 calls)
     fftw         :      0.17s CPU      0.21s WALL (    1606 calls)

     Parallel routines
     fft_scatter  :      0.08s CPU      0.09s WALL (    1737 calls)

     PWSCF        :     0.36s CPU         0.42s WALL


   This run was terminated on:   2:14:30  20May2021            

=------------------------------------------------------------------------------=
   JOB DONE.
=------------------------------------------------------------------------------=
